//
//AVRASM ver. 2.2.0  fn11.asm Sat Oct 20 05:53:26 2018
//
                // 
                // 
                // ; test for ld/st
                // ;-------------------
                //     .def xl = r26
                //     .def xh = r27
                //     .def yl = r28
                //     .def yh = r29
                //     .def zl = r30
                //     .def zh = r31
                // ;-------------------
@000000 ef0f    //     ldi  r16,0xff
@000001 e180    //     ldi  r24,0x10
@000002 2e70    //     mov  r7 ,r16
@000003 2e88    //     mov  r8 ,r24
@000004 e200    //     ldi  r16,0x20
@000005 e380    //     ldi  r24,0x30
                // 
@000006 e0b1    //     ldi  xh,0x01
@000007 e0a0    //     ldi  xl,0x00
@000008 927c    //     st   x ,r7
@000009 e0a1    //     ldi  xl,0x01
@00000a 928c    //     st   x ,r8
@00000b e0a2    //     ldi  xl,0x02
@00000c 930c    //     st   x ,r16
@00000d e0a3    //     ldi  xl,0x03
@00000e 938c    //     st   x ,r24
                // ;-------------------
@00000f e0b1    //     ldi  xh,0x01
@000010 e0a0    //     ldi  xl,0x00
                // 
@000011 906d    //     ld   r6 ,x+
@000012 909d    //     ld   r9 ,x+
@000013 911d    //     ld   r17,x+
@000014 919d    //     ld   r25,x+
                // 
@000015 946a    //     dec  r6
@000016 9493    //     inc  r9
@000017 9513    //     inc  r17
@000018 9593    //     inc  r25
                // 
@000019 926d    //     st   x+,r6
@00001a 929d    //     st   x+,r9
@00001b 931d    //     st   x+,r17
@00001c 939d    //     st   x+,r25
                // ;-------------------
@00001d e0d1    //     ldi  yh,0x01
@00001e e0c4    //     ldi  yl,0x04
                // 
@00001f 9059    //     ld   r5 ,y+
@000020 90a9    //     ld   r10,y+
@000021 9129    //     ld   r18,y+
@000022 9189    //     ld   r24,y+
                // 
@000023 945a    //     dec  r5
@000024 94a3    //     inc  r10
@000025 9523    //     inc  r18
@000026 9583    //     inc  r24
                // 
@000027 9259    //     st   y+,r5
@000028 92a9    //     st   y+,r10
@000029 9329    //     st   y+,r18
@00002a 9389    //     st   y+,r24
                // ;-------------------
@00002b e0f1    //     ldi  zh,0x01
@00002c e0e8    //     ldi  zl,0x08
                // 
@00002d 9041    //     ld   r4 ,z+
@00002e 90b1    //     ld   r11,z+
@00002f 9131    //     ld   r19,z+
@000030 9191    //     ld   r25,z+
                // 
@000031 944a    //     dec  r4
@000032 94b3    //     inc  r11
@000033 9533    //     inc  r19
@000034 9593    //     inc  r25
                // 
@000035 9241    //     st   z+,r4
@000036 92b1    //     st   z+,r11
@000037 9331    //     st   z+,r19
@000038 9391    //     st   z+,r25
                // ;-------------------
@000039 e0b1    //     ldi  xh,0x01
@00003a e1a0    //     ldi  xl,0x10
                // 
@00003b 918e    //     ld   r24,-x
@00003c 914e    //     ld   r20,-x
@00003d 90ce    //     ld   r12,-x
@00003e 903e    //     ld   r3 ,-x
                // 
@00003f 9583    //     inc  r24
@000040 9543    //     inc  r20
@000041 94c3    //     inc  r12
@000042 943a    //     dec  r3
                // 
@000043 e0b1    //     ldi  xh,0x01
@000044 e2a0    //     ldi  xl,0x20
                // 
@000045 938e    //     st   -x,r24
@000046 934e    //     st   -x,r20
@000047 92ce    //     st   -x,r12
@000048 923e    //     st   -x,r3
                // ;-------------------
@000049 e0d1    //     ldi  yh,0x01
@00004a e2c0    //     ldi  yl,0x20
                // 
@00004b 919a    //     ld   r25,-y
@00004c 915a    //     ld   r21,-y
@00004d 90da    //     ld   r13,-y
@00004e 902a    //     ld   r2 ,-y
                // 
@00004f 9593    //     inc  r25
@000050 9553    //     inc  r21
@000051 94d3    //     inc  r13
@000052 942a    //     dec  r2
                // 
@000053 939a    //     st   -y,r25
@000054 935a    //     st   -y,r21
@000055 92da    //     st   -y,r13
@000056 922a    //     st   -y,r2
                // ;-------------------
@000057 e0f1    //     ldi  zh,0x01
@000058 e1ec    //     ldi  zl,0x1c
                // 
@000059 9182    //     ld   r24,-z
@00005a 9162    //     ld   r22,-z
@00005b 90e2    //     ld   r14,-z
@00005c 9012    //     ld   r1 ,-z
                // 
@00005d 9583    //     inc  r24
@00005e 9563    //     inc  r22
@00005f 94e3    //     inc  r14
@000060 941a    //     dec  r1
                // 
@000061 9382    //     st   -z,r24
@000062 9362    //     st   -z,r22
@000063 92e2    //     st   -z,r14
@000064 9212    //     st   -z,r1
                // ;-------------------
@000065 e0b1    //     ldi  xh ,0x01
@000066 e1a7    //     ldi  xl ,0x17
@000067 919c    //     ld   r25,x
@000068 e1a6    //     ldi  xl ,0x16
@000069 917c    //     ld   r23,x
@00006a e1a5    //     ldi  xl ,0x15
@00006b 90fc    //     ld   r15,x
@00006c e1a4    //     ldi  xl ,0x14
@00006d 900c    //     ld   r0 ,x
                // 
@00006e 9593    //     inc  r25
@00006f 9573    //     inc  r23
@000070 94f3    //     inc  r15
@000071 940a    //     dec  r0
                // 
@000072 939e    //     st   -x,r25
@000073 937e    //     st   -x,r23
@000074 92fe    //     st   -x,r15
@000075 920e    //     st   -x,r0
                // ;-------------------
@000076 e0f1    //     ldi  zh,0x01
@000077 e2e0    //     ldi  zl,0x20
                // 
@000078 9201    //     st   z+,r0
@000079 9211    //     st   z+,r1
@00007a 9221    //     st   z+,r2
@00007b 9231    //     st   z+,r3
@00007c 9241    //     st   z+,r4
@00007d 9251    //     st   z+,r5
@00007e 9261    //     st   z+,r6
@00007f 9271    //     st   z+,r7
@000080 9281    //     st   z+,r8
@000081 9291    //     st   z+,r9
@000082 92a1    //     st   z+,r10
@000083 92b1    //     st   z+,r11
@000084 92c1    //     st   z+,r12
@000085 92d1    //     st   z+,r13
@000086 92e1    //     st   z+,r14
@000087 92f1    //     st   z+,r15
@000088 9301    //     st   z+,r16
@000089 9311    //     st   z+,r17
@00008a 9321    //     st   z+,r18
@00008b 9331    //     st   z+,r19
@00008c 9341    //     st   z+,r20
@00008d 9351    //     st   z+,r21
@00008e 9361    //     st   z+,r22
@00008f 9371    //     st   z+,r23
@000090 9381    //     st   z+,r24
@000091 9391    //     st   z+,r25
@000092 93a1    //     st   z+,r26
@000093 93b1    //     st   z+,r27
@000094 93c1    //     st   z+,r28
@000095 93d1    //     st   z+,r29
@000096 83e0    //     st   z ,r30
@000097 e3ef    //     ldi  zl,0x3f
@000098 83f0    //     st   z ,r31
                // ;-------------------
@000099 ef0f    //     ldi  r16,0xff
@00009a 9300
@00009b ffff    //     sts  0xffff,r16
                // halt:
@00009c cfff    //     rjmp halt
//
//Assembly complete, 0 errors, 0 warnings
