//
//AVRASM ver. 2.2.0  fn12.asm Sat Oct 20 05:53:26 2018
//
                // 
                // 
                // ; test for ldd/std
                // ;-------------------
                //     .def yl = r28
                //     .def yh = r29
                //     .def zl = r30
                //     .def zh = r31
                // ;-------------------
@000000 ef0f    //     ldi  r16,0xff
@000001 e180    //     ldi  r24,0x10
@000002 2e70    //     mov  r7 ,r16
@000003 2e88    //     mov  r8 ,r24
@000004 e200    //     ldi  r16,0x20
@000005 e380    //     ldi  r24,0x30
                // ;-------------------
@000006 e0d1    //     ldi  yh,0x01
@000007 e1c0    //     ldi  yl,0x10
                // 
@000008 8278    //     std  y+0,r7
@000009 8289    //     std  y+1,r8
@00000a 830a    //     std  y+2,r16
@00000b 838b    //     std  y+3,r24
                // 
@00000c 8068    //     ldd  r6 ,y+0
@00000d 8099    //     ldd  r9 ,y+1
@00000e 811a    //     ldd  r17,y+2
@00000f 819b    //     ldd  r25,y+3
                // 
@000010 946a    //     dec  r6
@000011 9493    //     inc  r9
@000012 9513    //     inc  r17
@000013 9593    //     inc  r25
                // ;-------------------
@000014 ae6c    //     std  y+60,r6
@000015 ae9d    //     std  y+61,r9
@000016 af1e    //     std  y+62,r17
@000017 af9f    //     std  y+63,r25
                // 
@000018 ac5c    //     ldd  r5 ,y+60
@000019 acad    //     ldd  r10,y+61
@00001a ad2e    //     ldd  r18,y+62
@00001b adaf    //     ldd  r26,y+63
                // 
@00001c 945a    //     dec  r5
@00001d 94a3    //     inc  r10
@00001e 9523    //     inc  r18
@00001f 95a3    //     inc  r26
                // ;-------------------
@000020 e0f0    //     ldi  zh,0x00
@000021 efef    //     ldi  zl,0xff
                // 
@000022 8a55    //     std  z+21,r5
@000023 8aa6    //     std  z+22,r10
@000024 8b27    //     std  z+23,r18
@000025 8fa0    //     std  z+24,r26
                // 
@000026 8845    //     ldd  r4 ,z+21
@000027 88b6    //     ldd  r11,z+22
@000028 8937    //     ldd  r19,z+23
@000029 8db0    //     ldd  r27,z+24
                // 
@00002a 944a    //     dec  r4
@00002b 94b3    //     inc  r11
@00002c 9533    //     inc  r19
@00002d 95b3    //     inc  r27
                // ;-------------------
@00002e a641    //     std  z+41,r4
@00002f a6b2    //     std  z+42,r11
@000030 a733    //     std  z+43,r19
@000031 a7b4    //     std  z+44,r27
                // 
@000032 a431    //     ldd  r3 ,z+41
@000033 a4c2    //     ldd  r12,z+42
@000034 a543    //     ldd  r20,z+43
@000035 a5c4    //     ldd  r28,z+44
                // 
@000036 943a    //     dec  r3
@000037 94c3    //     inc  r12
@000038 9543    //     inc  r20
@000039 95c3    //     inc  r28
                // ;-------------------
@00003a ae34    //     std  z+60,r3
@00003b aec5    //     std  z+61,r12
@00003c af46    //     std  z+62,r20
@00003d afc7    //     std  z+63,r28
                // ;-------------------
@00003e ef0f    //     ldi  r16,0xff
@00003f 9300
@000040 ffff    //     sts  0xffff,r16
                // halt:
@000041 cfff    //     rjmp halt
//
//Assembly complete, 0 errors, 0 warnings
