//
//AVRASM ver. 2.2.0  fn24.asm Sat Oct 20 05:53:26 2018
//
                // 
                // 
                // ; test for com/neg/inc/dec
                // ;---------------------------
@000000 e040    //     ldi  r20,0x00
@000001 e75f    //     ldi  r21,0x7f
@000002 e860    //     ldi  r22,0x80
@000003 ef7f    //     ldi  r23,0xff
                // ;-------------------
@000004 2e74    //     mov  r7 ,r20
@000005 2e85    //     mov  r8 ,r21
@000006 2f06    //     mov  r16,r22
@000007 2f87    //     mov  r24,r23
                // 
@000008 9470    //     com  r7
@000009 9480    //     com  r8
@00000a 9500    //     com  r16
@00000b 9580    //     com  r24
                // ;-------------------
@00000c 2e64    //     mov  r6 ,r20
@00000d 2e95    //     mov  r9 ,r21
@00000e 2f16    //     mov  r17,r22
@00000f 2f97    //     mov  r25,r23
                // 
@000010 9461    //     neg  r6
@000011 9491    //     neg  r9
@000012 9511    //     neg  r17
@000013 9591    //     neg  r25
                // ;-------------------
@000014 2e54    //     mov  r5 ,r20
@000015 2ea5    //     mov  r10,r21
@000016 2f26    //     mov  r18,r22
@000017 2fa7    //     mov  r26,r23
                // 
@000018 9453    //     inc  r5
@000019 94a3    //     inc  r10
@00001a 9523    //     inc  r18
@00001b 95a3    //     inc  r26
                // ;-------------------
@00001c 2e44    //     mov  r4 ,r20
@00001d 2eb5    //     mov  r11,r21
@00001e 2f36    //     mov  r19,r22
@00001f 2fb7    //     mov  r27,r23
                // 
@000020 944a    //     dec  r4
@000021 94ba    //     dec  r11
@000022 953a    //     dec  r19
@000023 95ba    //     dec  r27
                // ;-------------------
                //     .def zl = r30
                //     .def zh = r31
                // 
@000024 e0f1    //     ldi  zh,0x01
@000025 e0e0    //     ldi  zl,0x00
                // 
@000026 9341    //     st   z+,r20     ; (ldi) 0x00
@000027 9351    //     st   z+,r21     ; (ldi) 0x7f
@000028 9361    //     st   z+,r22     ; (ldi) 0x80
@000029 9371    //     st   z+,r23     ; (ldi) 0xff
                // 
@00002a e0f1    //     ldi  zh,0x01
@00002b e1e0    //     ldi  zl,0x10
                // 
@00002c 9271    //     st   z+,r7      ; (com) 0x00
@00002d 9281    //     st   z+,r8      ; (com) 0x7f
@00002e 9301    //     st   z+,r16     ; (com) 0x80
@00002f 9381    //     st   z+,r24     ; (com) 0xff
                // 
@000030 9261    //     st   z+,r6      ; (neg) 0x00
@000031 9291    //     st   z+,r9      ; (neg) 0x7f
@000032 9311    //     st   z+,r17     ; (neg) 0x80
@000033 9391    //     st   z+,r25     ; (neg) 0xff
                // 
@000034 9251    //     st   z+,r5      ; (inc) 0x00
@000035 92a1    //     st   z+,r10     ; (inc) 0x7f
@000036 9321    //     st   z+,r18     ; (inc) 0x80
@000037 93a1    //     st   z+,r26     ; (inc) 0xff
                // 
@000038 9241    //     st   z+,r4      ; (dec) 0x00
@000039 92b1    //     st   z+,r11     ; (dec) 0x7f
@00003a 9331    //     st   z+,r19     ; (dec) 0x80
@00003b 93b1    //     st   z+,r27     ; (dec) 0xff
                // ;-------------------
@00003c ef0f    //     ldi  r16,0xff
@00003d 9300
@00003e ffff    //     sts  0xffff,r16
                // halt:
@00003f cfff    //     rjmp halt
//
//Assembly complete, 0 errors, 0 warnings
