//
//AVRASM ver. 2.2.0  fn41.asm Sat Oct 20 05:53:27 2018
//
                // 
                // 
                // ; test for call/rcall/icall
                // ;---------------------------
@000000 e000    //     ldi  r16,0x00
@000001 940e
@000002 0220    //     call func2
                // 
                //     .def zl = r30
                //     .def zh = r31
@000003 e3e3    //     ldi  zl,low(func4)
@000004 e0f3    //     ldi  zh,high(func4)
@000005 9509    //     icall
                // 
@000006 9200
@000007 0100    //     sts  0x0100,r0  ; (inc) 0x00
@000008 9210
@000009 0101    //     sts  0x0101,r1  ; (inc)
@00000a 9220
@00000b 0102    //     sts  0x0102,r2  ; (inc)
@00000c 9230
@00000d 0103    //     sts  0x0103,r3  ; (inc)
                // 
@00000e ef0f    //     ldi  r16,0xff
@00000f 9300
@000010 ffff    //     sts  0xffff,r16
                // halt:
@000011 cfff    //     rjmp halt
                // ;-------------------
                //     .org 0x0110
                // func1:
@000110 9503    //     inc  r16
@000111 2e10    //     mov  r1 ,r16
@000112 d21d    //     rcall func3
@000113 9508    //     ret
                // ;-------------------
                //     .org 0x0220
                // func2:
@000220 9503    //     inc  r16
@000221 2e00    //     mov  r0 ,r16
@000222 deed    //     rcall func1
@000223 9508    //     ret
                // ;-------------------
                //     .org 0x0330
                // func3:
@000330 9503    //     inc  r16
@000331 2e20    //     mov  r2 ,r16
@000332 9508    //     ret
                // ;-------------------
                // func4:
@000333 9503    //     inc  r16
@000334 2e30    //     mov  r3 ,r16
@000335 9508    //     ret
//
//Assembly complete, 0 errors, 0 warnings
