//
//AVRASM ver. 2.2.0  fn50.asm Sat Oct 20 05:53:27 2018
//
                // 
                // 
                // ; test for sbrs
                // ;-------------------
@000000 efcf    //     ldi  r28,0xff
@000001 efdf    //     ldi  r29,0xff
                // 
@000002 011e    //     movw r2 ,r28
@000003 012e    //     movw r4 ,r28
@000004 015e    //     movw r10,r28
@000005 016e    //     movw r12,r28
@000006 019e    //     movw r18,r28
@000007 01ae    //     movw r20,r28
@000008 01de    //     movw r26,r28
                // 
@000009 e001    //     ldi  r16,0x01
@00000a e012    //     ldi  r17,0x02
@00000b e084    //     ldi  r24,0x04
@00000c e098    //     ldi  r25,0x08
@00000d 2e70    //     mov  r7 ,r16
@00000e 2e61    //     mov  r6 ,r17
@00000f 2e88    //     mov  r8 ,r24
@000010 2e99    //     mov  r9 ,r25
@000011 e100    //     ldi  r16,0x10
@000012 e210    //     ldi  r17,0x20
@000013 e480    //     ldi  r24,0x40
@000014 e890    //     ldi  r25,0x80
                // ;-------------------
@000015 fe70    //     sbrs r7 ,0
@000016 2c57    //     mov  r5 ,r7
@000017 fe71    //     sbrs r7 ,1
@000018 2c47    //     mov  r4 ,r7
                // 
@000019 fe61    //     sbrs r6 ,1
@00001a 2c36    //     mov  r3 ,r6
@00001b fe60    //     sbrs r6 ,0
@00001c 2c26    //     mov  r2 ,r6
                // 
@00001d fe82    //     sbrs r8 ,2
@00001e 2ca8    //     mov  r10,r8
@00001f fe83    //     sbrs r8 ,3
@000020 2cb8    //     mov  r11,r8
                // 
@000021 fe93    //     sbrs r9 ,3
@000022 2cc9    //     mov  r12,r9
@000023 fe92    //     sbrs r9 ,2
@000024 2cd9    //     mov  r13,r9
                // 
@000025 ff04    //     sbrs r16,4
@000026 2f20    //     mov  r18,r16
@000027 ff05    //     sbrs r16,5
@000028 2f30    //     mov  r19,r16
                // 
@000029 ff15    //     sbrs r17,5
@00002a 2f41    //     mov  r20,r17
@00002b ff14    //     sbrs r17,4
@00002c 2f51    //     mov  r21,r17
                // 
@00002d ff86    //     sbrs r24,6
@00002e 2fa8    //     mov  r26,r24
@00002f ff87    //     sbrs r24,7
@000030 2fb8    //     mov  r27,r24
                // 
@000031 ff97    //     sbrs r25,7
@000032 2fc9    //     mov  r28,r25
@000033 ff96    //     sbrs r25,6
@000034 2fd9    //     mov  r29,r25
                // ;-------------------
                //     .def zl = r30
                //     .def zh = r31
                // 
@000035 e0f1    //     ldi  zh,0x01
@000036 e0e0    //     ldi  zl,0x00
                // 
@000037 9251    //     st   z+,r5      ; (sbrs) 0x01 b0
@000038 9241    //     st   z+,r4      ; (sbrs) 0x01 b1
@000039 9231    //     st   z+,r3      ; (sbrs) 0x02 b1
@00003a 9221    //     st   z+,r2      ; (sbrs) 0x02 b0
                // 
@00003b 92a1    //     st   z+,r10     ; (sbrs) 0x04 b2
@00003c 92b1    //     st   z+,r11     ; (sbrs) 0x04 b3
@00003d 92c1    //     st   z+,r12     ; (sbrs) 0x08 b3
@00003e 92d1    //     st   z+,r13     ; (sbrs) 0x08 b2
                // 
@00003f 9321    //     st   z+,r18     ; (sbrs) 0x10 b4
@000040 9331    //     st   z+,r19     ; (sbrs) 0x10 b5
@000041 9341    //     st   z+,r20     ; (sbrs) 0x20 b5
@000042 9351    //     st   z+,r21     ; (sbrs) 0x20 b4
                // 
@000043 93a1    //     st   z+,r26     ; (sbrs) 0x40 b6
@000044 93b1    //     st   z+,r27     ; (sbrs) 0x40 b7
@000045 93c1    //     st   z+,r28     ; (sbrs) 0x80 b7
@000046 93d1    //     st   z+,r29     ; (sbrs) 0x80 b6
                // ;-------------------
@000047 ef0f    //     ldi  r16,0xff
@000048 9300
@000049 ffff    //     sts  0xffff,r16
                // halt:
@00004a cfff    //     rjmp halt
//
//Assembly complete, 0 errors, 0 warnings
