//
//AVRASM ver. 2.2.0  fn52.asm Sat Oct 20 05:53:27 2018
//
                // 
                // 
                // ; test for sbis
                // ;-------------------
                //     .equ ioreg0 = 0x00  ; i/o register dummy
                //     .equ ioreg1 = 0x01  ; i/o register dummy
                //     .equ ioreg2 = 0x02  ; i/o register dummy
                //     .equ ioreg3 = 0x1f  ; i/o register dummy
                // ;-------------------
@000000 efcf    //     ldi  r28,0xff
@000001 efdf    //     ldi  r29,0xff
                // 
@000002 011e    //     movw r2 ,r28
@000003 012e    //     movw r4 ,r28
@000004 015e    //     movw r10,r28
@000005 016e    //     movw r12,r28
@000006 019e    //     movw r18,r28
@000007 01ae    //     movw r20,r28
@000008 01de    //     movw r26,r28
                // 
@000009 e101    //     ldi  r16,0x11
@00000a e212    //     ldi  r17,0x22
@00000b e484    //     ldi  r24,0x44
@00000c e898    //     ldi  r25,0x88
                // 
@00000d b900    //     out  ioreg0,r16
@00000e b911    //     out  ioreg1,r17
@00000f b982    //     out  ioreg2,r24
@000010 bb9f    //     out  ioreg3,r25
                // ;-------------------
@000011 9b00    //     sbis ioreg0,0
@000012 b050    //     in   r5 ,ioreg0
@000013 9b01    //     sbis ioreg0,1
@000014 b040    //     in   r4 ,ioreg0
                // 
@000015 9b09    //     sbis ioreg1,1
@000016 b031    //     in   r3 ,ioreg1
@000017 9b08    //     sbis ioreg1,0
@000018 b021    //     in   r2 ,ioreg1
                // 
@000019 9b12    //     sbis ioreg2,2
@00001a b0a2    //     in   r10,ioreg2
@00001b 9b13    //     sbis ioreg2,3
@00001c b0b2    //     in   r11,ioreg2
                // 
@00001d 9bfb    //     sbis ioreg3,3
@00001e b2cf    //     in   r12,ioreg3
@00001f 9bfa    //     sbis ioreg3,2
@000020 b2df    //     in   r13,ioreg3
                // 
@000021 9b04    //     sbis ioreg0,4
@000022 b120    //     in   r18,ioreg0
@000023 9b05    //     sbis ioreg0,5
@000024 b130    //     in   r19,ioreg0
                // 
@000025 9b0d    //     sbis ioreg1,5
@000026 b141    //     in   r20,ioreg1
@000027 9b0c    //     sbis ioreg1,4
@000028 b151    //     in   r21,ioreg1
                // 
@000029 9b16    //     sbis ioreg2,6
@00002a b1a2    //     in   r26,ioreg2
@00002b 9b17    //     sbis ioreg2,7
@00002c b1b2    //     in   r27,ioreg2
                // 
@00002d 9bff    //     sbis ioreg3,7
@00002e b3cf    //     in   r28,ioreg3
@00002f 9bfe    //     sbis ioreg3,6
@000030 b3df    //     in   r29,ioreg3
                // ;-------------------
                //     .def zl = r30
                //     .def zh = r31
                // 
@000031 e0f1    //     ldi  zh,0x01
@000032 e0e0    //     ldi  zl,0x00
                // 
@000033 9251    //     st   z+,r5      ; (sbis) 0x11 b0
@000034 9241    //     st   z+,r4      ; (sbis) 0x11 b1
@000035 9231    //     st   z+,r3      ; (sbis) 0x22 b1
@000036 9221    //     st   z+,r2      ; (sbis) 0x22 b0
                // 
@000037 92a1    //     st   z+,r10     ; (sbis) 0x44 b2
@000038 92b1    //     st   z+,r11     ; (sbis) 0x44 b3
@000039 92c1    //     st   z+,r12     ; (sbis) 0x88 b3
@00003a 92d1    //     st   z+,r13     ; (sbis) 0x88 b2
                // 
@00003b 9321    //     st   z+,r18     ; (sbis) 0x11 b4
@00003c 9331    //     st   z+,r19     ; (sbis) 0x11 b5
@00003d 9341    //     st   z+,r20     ; (sbis) 0x22 b5
@00003e 9351    //     st   z+,r21     ; (sbis) 0x22 b4
                // 
@00003f 93a1    //     st   z+,r26     ; (sbis) 0x44 b6
@000040 93b1    //     st   z+,r27     ; (sbis) 0x44 b7
@000041 93c1    //     st   z+,r28     ; (sbis) 0x88 b7
@000042 93d1    //     st   z+,r29     ; (sbis) 0x88 b6
                // ;-------------------
@000043 ef0f    //     ldi  r16,0xff
@000044 9300
@000045 ffff    //     sts  0xffff,r16
                // halt:
@000046 cfff    //     rjmp halt
//
//Assembly complete, 0 errors, 0 warnings
