//
//AVRASM ver. 2.2.0  fn65.asm Sat Oct 20 05:53:28 2018
//
                // 
                // 
                // ; test for com/sreg
                // ;-------------------
                //     .equ sreg = 0x3f
                // ;-------------------
@000000 e000    //     ldi  r16,0x00
@000001 e011    //     ldi  r17,0x01
@000002 e72e    //     ldi  r18,0x7e
@000003 e73f    //     ldi  r19,0x7f
@000004 e840    //     ldi  r20,0x80
@000005 e851    //     ldi  r21,0x81
@000006 ef7f    //     ldi  r23,0xff
                // ;-------------------
@000007 bf0f    //     out  sreg,r16
@000008 2f80    //     mov  r24,r16
@000009 9580    //     com  r24
@00000a b78f    //     in   r24,sreg
@00000b 2f93    //     mov  r25,r19
@00000c 9590    //     com  r25
@00000d b79f    //     in   r25,sreg
@00000e 2e24    //     mov  r2 ,r20
@00000f 9420    //     com  r2
@000010 b62f    //     in   r2 ,sreg
@000011 2e37    //     mov  r3 ,r23
@000012 9430    //     com  r3
@000013 b63f    //     in   r3 ,sreg
                // ;-------------------
@000014 bf0f    //     out  sreg,r16
@000015 2e40    //     mov  r4 ,r16
@000016 9441    //     neg  r4
@000017 b64f    //     in   r4 ,sreg
@000018 2e53    //     mov  r5 ,r19
@000019 9451    //     neg  r5
@00001a b65f    //     in   r5 ,sreg
@00001b 2e64    //     mov  r6 ,r20
@00001c 9461    //     neg  r6
@00001d b66f    //     in   r6 ,sreg
@00001e 2e77    //     mov  r7 ,r23
@00001f 9471    //     neg  r7
@000020 b67f    //     in   r7 ,sreg
                // ;-------------------
@000021 bf0f    //     out  sreg,r16
@000022 2e80    //     mov  r8 ,r16
@000023 9483    //     inc  r8
@000024 b68f    //     in   r8 ,sreg
@000025 2e93    //     mov  r9 ,r19
@000026 9493    //     inc  r9
@000027 b69f    //     in   r9 ,sreg
@000028 2ea4    //     mov  r10,r20
@000029 94a3    //     inc  r10
@00002a b6af    //     in   r10,sreg
@00002b 2eb7    //     mov  r11,r23
@00002c 94b3    //     inc  r11
@00002d b6bf    //     in   r11,sreg
                // ;-------------------
@00002e bf0f    //     out  sreg,r16
@00002f 2ec0    //     mov  r12,r16
@000030 94ca    //     dec  r12
@000031 b6cf    //     in   r12,sreg
@000032 2ed3    //     mov  r13,r19
@000033 94da    //     dec  r13
@000034 b6df    //     in   r13,sreg
@000035 2ee4    //     mov  r14,r20
@000036 94ea    //     dec  r14
@000037 b6ef    //     in   r14,sreg
@000038 2ef1    //     mov  r15,r17
@000039 94fa    //     dec  r15
@00003a b6ff    //     in   r15,sreg
                // ;-------------------
                //     .def zl = r30
                //     .def zh = r31
                // 
@00003b e0f1    //     ldi  zh,0x01
@00003c e0e0    //     ldi  zl,0x00
                // 
@00003d 9301    //     st   z+,r16     ; (ldi) 0x00
@00003e 9331    //     st   z+,r19     ; (ldi) 0x7f
@00003f 9341    //     st   z+,r20     ; (ldi) 0x80
@000040 9371    //     st   z+,r23     ; (ldi) 0xff
                // 
@000041 9301    //     st   z+,r16     ; (ldi) 0x00
@000042 9331    //     st   z+,r19     ; (ldi) 0x7f
@000043 9341    //     st   z+,r20     ; (ldi) 0x80
@000044 9371    //     st   z+,r23     ; (ldi) 0xff
                // 
@000045 9301    //     st   z+,r16     ; (ldi) 0x00
@000046 9331    //     st   z+,r19     ; (ldi) 0x7f
@000047 9341    //     st   z+,r20     ; (ldi) 0x80
@000048 9371    //     st   z+,r23     ; (ldi) 0xff
                // 
@000049 9301    //     st   z+,r16     ; (ldi) 0x00
@00004a 9331    //     st   z+,r19     ; (ldi) 0x7f
@00004b 9341    //     st   z+,r20     ; (ldi) 0x80
@00004c 9311    //     st   z+,r17     ; (ldi) 0x01
                // ;-------------------
@00004d 9371    //     st   z+,r23     ; (com) 0x00
@00004e 9341    //     st   z+,r20     ; (com) 0x7f
@00004f 9331    //     st   z+,r19     ; (com) 0x80
@000050 9301    //     st   z+,r16     ; (com) 0xff
                // 
@000051 9301    //     st   z+,r16     ; (neg) 0x00
@000052 9351    //     st   z+,r21     ; (neg) 0x7f
@000053 9341    //     st   z+,r20     ; (neg) 0x80
@000054 9311    //     st   z+,r17     ; (neg) 0xff
                // 
@000055 9311    //     st   z+,r17     ; (inc) 0x00
@000056 9341    //     st   z+,r20     ; (inc) 0x7f
@000057 9351    //     st   z+,r21     ; (inc) 0x80
@000058 9301    //     st   z+,r16     ; (inc) 0xff
                // 
@000059 9371    //     st   z+,r23     ; (dec) 0x00
@00005a 9321    //     st   z+,r18     ; (dec) 0x7f
@00005b 9331    //     st   z+,r19     ; (dec) 0x80
@00005c 9301    //     st   z+,r16     ; (dec) 0x01
                // ;-------------------
@00005d 9381    //     st   z+,r24     ; (com) 0x00 -s-n-c
@00005e 9391    //     st   z+,r25     ; (com) 0x7f -s-n-c
@00005f 9221    //     st   z+,r2      ; (com) 0x80 -----c
@000060 9231    //     st   z+,r3      ; (com) 0xff ----zc
                // 
@000061 9241    //     st   z+,r4      ; (neg) 0x00 ----z-
@000062 9251    //     st   z+,r5      ; (neg) 0x7f hs-n-c
@000063 9261    //     st   z+,r6      ; (neg) 0x80 --vn-c
@000064 9271    //     st   z+,r7      ; (neg) 0xff h----c
                // 
@000065 9281    //     st   z+,r8      ; (inc) 0x00 ------
@000066 9291    //     st   z+,r9      ; (inc) 0x7f --vn--
@000067 92a1    //     st   z+,r10     ; (inc) 0x80 -s-n--
@000068 92b1    //     st   z+,r11     ; (inc) 0xff ----z-
                // 
@000069 92c1    //     st   z+,r12     ; (dec) 0x00 -s-n--
@00006a 92d1    //     st   z+,r13     ; (dec) 0x7f ------
@00006b 92e1    //     st   z+,r14     ; (dec) 0x80 -sv---
@00006c 92f1    //     st   z+,r15     ; (dec) 0x01 ----z-
                // ;-------------------
@00006d bf7f    //     out  sreg,r23
@00006e 2e37    //     mov  r3 ,r23
@00006f 9430    //     com  r3
@000070 b63f    //     in   r3 ,sreg
                // 
@000071 bf7f    //     out  sreg,r23
@000072 2e40    //     mov  r4 ,r16
@000073 9441    //     neg  r4
@000074 b64f    //     in   r4 ,sreg
                // 
@000075 bf7f    //     out  sreg,r23
@000076 2eb7    //     mov  r11,r23
@000077 94b3    //     inc  r11
@000078 b6bf    //     in   r11,sreg
                // 
@000079 bf7f    //     out  sreg,r23
@00007a 2ef1    //     mov  r15,r17
@00007b 94fa    //     dec  r15
@00007c b6ff    //     in   r15,sreg
                // 
@00007d 9230
@00007e 0133    //     sts  0x0133,r3      ; (com) 0xff ith---zc
@00007f 9240
@000080 0134    //     sts  0x0134,r4      ; (neg) 0x00 it----z-
@000081 92b0
@000082 013b    //     sts  0x013b,r11     ; (inc) 0xff ith---zc
@000083 92f0
@000084 013f    //     sts  0x013f,r15     ; (dec) 0x01 ith---zc
                // ;-------------------
@000085 ef0f    //     ldi  r16,0xff
@000086 9300
@000087 ffff    //     sts  0xffff,r16
                // halt:
@000088 cfff    //     rjmp halt
//
//Assembly complete, 0 errors, 0 warnings
